[04Jun2025 22:44:46.072] [main/INFO] [cpw.mods.modlauncher.Launcher/MODLAUNCHER]: ModLauncher running: args [--launchTarget, forgeclientdev, --version, 21.1.174, --assetIndex, asset-index, --assetsDir, /Users/zboland/.gradle/caches/minecraft/assets, --gameDir, ., --fml.fmlVersion, 4.0.39, --fml.mcVersion, 1.21.1, --fml.neoForgeVersion, 21.1.174, --fml.neoFormVersion, 20240808.144430]
[04Jun2025 22:44:46.073] [main/INFO] [cpw.mods.modlauncher.Launcher/MODLAUNCHER]: JVM identified as Homebrew OpenJDK 64-Bit Server VM 21.0.7
[04Jun2025 22:44:46.073] [main/INFO] [cpw.mods.modlauncher.Launcher/MODLAUNCHER]: ModLauncher 11.0.4+main.d2e20e43 starting: java version 21.0.7 by Homebrew; OS Mac OS X arch aarch64 version 15.4.1
[04Jun2025 22:44:46.109] [main/INFO] [net.neoforged.fml.loading.ImmediateWindowHandler/]: Loading ImmediateWindowProvider fmlearlywindow
[04Jun2025 22:44:46.582] [main/INFO] [EARLYDISPLAY/]: Trying GL version 4.6
[04Jun2025 22:44:46.683] [main/INFO] [EARLYDISPLAY/]: Trying GL version 4.5
[04Jun2025 22:44:46.692] [main/INFO] [EARLYDISPLAY/]: Trying GL version 4.4
[04Jun2025 22:44:46.703] [main/INFO] [EARLYDISPLAY/]: Trying GL version 4.3
[04Jun2025 22:44:46.715] [main/INFO] [EARLYDISPLAY/]: Trying GL version 4.2
[04Jun2025 22:44:46.724] [main/INFO] [EARLYDISPLAY/]: Trying GL version 4.1
[04Jun2025 22:44:46.741] [main/INFO] [EARLYDISPLAY/]: Requested GL version 4.1 got version 4.1
[04Jun2025 22:44:46.927] [main/INFO] [mixin/]: SpongePowered MIXIN Subsystem Version=0.8.7 Source=union:/Users/zboland/.gradle/caches/modules-2/files-2.1/net.fabricmc/sponge-mixin/0.15.2+mixin.0.8.7/2af2f021d8e02a0220dc27a7a72b4666d66d44ca/sponge-mixin-0.15.2+mixin.0.8.7.jar%23134!/ Service=ModLauncher Env=CLIENT
[04Jun2025 22:44:46.969] [main/INFO] [net.neoforged.fml.loading.moddiscovery.ModDiscoverer/SCAN]: Found mod file "neoforge-21.1.174.jar" [locator: neoforge devenv provider ([/Users/zboland/Documents/GitHub/CreateWeaponryTinkering/.gradle/repositories/ng_dummy_ng/net/neoforged/neoforge/21.1.174/neoforge-21.1.174.jar])]
[04Jun2025 22:44:46.979] [main/INFO] [net.neoforged.fml.loading.moddiscovery.ModDiscoverer/SCAN]: Found mod file "neoforge-21.1.174.jar" [locator: neoforge devenv provider ([/Users/zboland/Documents/GitHub/CreateWeaponryTinkering/.gradle/repositories/ng_dummy_ng/net/neoforged/neoforge/21.1.174/neoforge-21.1.174.jar])]
[04Jun2025 22:44:46.983] [main/INFO] [net.neoforged.fml.loading.moddiscovery.ModDiscoverer/SCAN]: Found mod file "main" [locator: userdev mods and services, reader: mod manifest]
[04Jun2025 22:44:46.988] [main/INFO] [net.neoforged.fml.loading.moddiscovery.ModDiscoverer/SCAN]: Found mod file "neoforge-21.1.174.jar" [locator: userdev mods and services, reader: mod manifest]
[04Jun2025 22:44:46.994] [main/INFO] [net.neoforged.fml.loading.moddiscovery.ModDiscoverer/SCAN]: Found gamelibrary file "mixinextras-neoforge-0.4.1.jar" [locator: userdev mods and services, reader: mod manifest]
[04Jun2025 22:44:47.031] [main/WARN] [net.neoforged.jarjar.selection.JarSelector/]: Attempted to select a dependency jar for JarJar which was passed in as source: library:mixinextras.neoforge. Using Mod File: /Users/zboland/.gradle/caches/modules-2/files-2.1/io.github.llamalad7/mixinextras-neoforge/0.4.1/eff97772ecd0dcf8e52cdbafd3b3ccec425f8314/mixinextras-neoforge-0.4.1.jar
[04Jun2025 22:44:47.031] [main/INFO] [net.neoforged.fml.loading.moddiscovery.locators.JarInJarDependencyLocator/]: Found 1 dependencies adding them to mods collection
[04Jun2025 22:44:47.031] [main/INFO] [net.neoforged.fml.loading.moddiscovery.ModDiscoverer/SCAN]: Found library file "net.neoforged.neoforge-coremods-21.1.174.jar" [parent: neoforge-21.1.174.jar, locator: jarinjar, reader: mod manifest]
[04Jun2025 22:44:47.031] [main/INFO] [net.neoforged.fml.loading.moddiscovery.ModDiscoverer/]: 
     Mod List:
		Name Version (Mod Id)

		Create Weaponry Tinkering 1.0.0 (create_wt)
		Minecraft 1.21.1 (minecraft)
		NeoForge 21.1.174 (neoforge)
[04Jun2025 22:44:47.137] [pool-2-thread-1/INFO] [EARLYDISPLAY/]: GL info: Apple M4 GL version 4.1 Metal - 89.4, Apple
[04Jun2025 22:44:47.238] [main/INFO] [cpw.mods.modlauncher.LaunchServiceHandler/MODLAUNCHER]: Launching target 'forgeclientdev' with arguments [--version, 21.1.174, --gameDir, ., --assetsDir, /Users/zboland/.gradle/caches/minecraft/assets, --assetIndex, asset-index]
[04Jun2025 22:44:47.757] [Datafixer Bootstrap/INFO] [com.mojang.datafixers.DataFixerBuilder/]: 229 Datafixer optimizations took 103 milliseconds
[04Jun2025 22:44:48.127] [pool-7-thread-1/INFO] [MixinExtras|Service/]: Initializing MixinExtras via com.llamalad7.mixinextras.service.MixinExtrasServiceImpl(version=0.4.1).
[04Jun2025 22:44:50.002] [main/WARN] [net.minecraft.commands.Commands/]: Ambiguity between arguments [teleport, location] and [teleport, destination] with inputs: [0.1 -0.5 .9, 0 0 0]
[04Jun2025 22:44:50.002] [main/WARN] [net.minecraft.commands.Commands/]: Ambiguity between arguments [teleport, location] and [teleport, targets] with inputs: [0.1 -0.5 .9, 0 0 0]
[04Jun2025 22:44:50.003] [main/WARN] [net.minecraft.commands.Commands/]: Ambiguity between arguments [teleport, destination] and [teleport, targets] with inputs: [Player, 0123, @e, dd12be42-52a9-4a91-a8a1-11c01849e498]
[04Jun2025 22:44:50.004] [main/WARN] [net.minecraft.commands.Commands/]: Ambiguity between arguments [teleport, targets] and [teleport, destination] with inputs: [Player, 0123, dd12be42-52a9-4a91-a8a1-11c01849e498]
[04Jun2025 22:44:50.004] [main/WARN] [net.minecraft.commands.Commands/]: Ambiguity between arguments [teleport, targets, location] and [teleport, targets, destination] with inputs: [0.1 -0.5 .9, 0 0 0]
[04Jun2025 22:44:50.050] [Render thread/WARN] [net.minecraft.server.packs.VanillaPackResourcesBuilder/]: Assets URL 'union:/Users/zboland/Documents/GitHub/CreateWeaponryTinkering/.gradle/repositories/ng_dummy_ng/net/neoforged/neoforge/21.1.174/neoforge-21.1.174.jar%23188!/assets/.mcassetsroot' uses unexpected schema
[04Jun2025 22:44:50.051] [Render thread/WARN] [net.minecraft.server.packs.VanillaPackResourcesBuilder/]: Assets URL 'union:/Users/zboland/Documents/GitHub/CreateWeaponryTinkering/.gradle/repositories/ng_dummy_ng/net/neoforged/neoforge/21.1.174/neoforge-21.1.174.jar%23188!/data/.mcassetsroot' uses unexpected schema
[04Jun2025 22:44:50.057] [Render thread/INFO] [com.mojang.authlib.yggdrasil.YggdrasilAuthenticationService/]: Environment: Environment[sessionHost=https://sessionserver.mojang.com, servicesHost=https://api.minecraftservices.com, name=PROD]
[04Jun2025 22:44:50.060] [Render thread/INFO] [net.minecraft.client.Minecraft/]: Setting user: Dev
[04Jun2025 22:44:50.081] [Render thread/INFO] [net.minecraft.client.Minecraft/]: Backend library: LWJGL version 3.3.3+5
[04Jun2025 22:44:50.259] [modloading-worker-0/INFO] [net.neoforged.neoforge.common.NeoForgeMod/NEOFORGE-MOD]: NeoForge mod loading, version 21.1.174, for MC 1.21.1
[04Jun2025 22:44:50.686] [Render thread/INFO] [net.neoforged.neoforge.gametest.GameTestHooks/]: Enabled Gametest Namespaces: [create_wt]
[04Jun2025 22:44:50.782] [Render thread/INFO] [net.minecraft.server.packs.resources.ReloadableResourceManager/]: Reloading ResourceManager: vanilla, mod_resources, mod/create_wt, mod/neoforge
[04Jun2025 22:44:50.788] [Worker-Main-2/INFO] [net.celsiusqc.create_wt.CreateWeaponryTinkering/]: HELLO FROM COMMON SETUP
[04Jun2025 22:44:50.788] [Worker-Main-2/INFO] [net.celsiusqc.create_wt.CreateWeaponryTinkering/]: DIRT BLOCK >> minecraft:dirt
[04Jun2025 22:44:50.789] [Worker-Main-2/INFO] [net.celsiusqc.create_wt.CreateWeaponryTinkering/]: The magic number is... 42
[04Jun2025 22:44:50.789] [Worker-Main-2/INFO] [net.celsiusqc.create_wt.CreateWeaponryTinkering/]: ITEM >> minecraft:iron_ingot
[04Jun2025 22:44:50.843] [Worker-Main-6/INFO] [net.minecraft.client.gui.font.providers.UnihexProvider/]: Found unifont_all_no_pua-15.1.05.hex, loading
[04Jun2025 22:44:50.902] [Worker-Main-9/INFO] [net.minecraft.client.gui.font.providers.UnihexProvider/]: Found unifont_jp_patch-15.1.05.hex, loading
[04Jun2025 22:44:50.906] [Worker-Main-8/INFO] [net.celsiusqc.create_wt.CreateWeaponryTinkering/]: HELLO FROM CLIENT SETUP
[04Jun2025 22:44:50.906] [Worker-Main-8/INFO] [net.celsiusqc.create_wt.CreateWeaponryTinkering/]: MINECRAFT NAME >> Dev
[04Jun2025 22:44:51.269] [Worker-Main-8/WARN] [net.minecraft.client.resources.model.BlockStateModelLoader/]: Exception loading blockstate definition: 'create_wt:blockstates/example_block.json' missing model for variant: 'create_wt:example_block#'
[04Jun2025 22:44:51.270] [Worker-Main-8/WARN] [net.minecraft.client.resources.model.ModelBakery/]: Unable to load model: 'create_wt:item/example_block' referenced from: create_wt:item/example_block: java.io.FileNotFoundException: create_wt:models/item/example_block.json
[04Jun2025 22:44:51.271] [Worker-Main-8/WARN] [net.minecraft.client.resources.model.ModelBakery/]: Unable to load model: 'create_wt:item/example_item' referenced from: create_wt:item/example_item: java.io.FileNotFoundException: create_wt:models/item/example_item.json
[04Jun2025 22:44:51.692] [Render thread/WARN] [net.minecraft.client.sounds.SoundEngine/]: Missing sound for event: minecraft:item.goat_horn.play
[04Jun2025 22:44:51.692] [Render thread/WARN] [net.minecraft.client.sounds.SoundEngine/]: Missing sound for event: minecraft:entity.goat.screaming.horn_break
[04Jun2025 22:44:51.785] [Render thread/INFO] [com.mojang.blaze3d.audio.Library/]: OpenAL initialized on device Mac mini Speakers
[04Jun2025 22:44:51.787] [Render thread/INFO] [net.minecraft.client.sounds.SoundEngine/SOUNDS]: Sound engine started
[04Jun2025 22:44:51.838] [Render thread/INFO] [net.minecraft.client.renderer.texture.TextureAtlas/]: Created: 1024x512x4 minecraft:textures/atlas/blocks.png-atlas
[04Jun2025 22:44:51.845] [Render thread/INFO] [net.minecraft.client.renderer.texture.TextureAtlas/]: Created: 256x256x4 minecraft:textures/atlas/signs.png-atlas
[04Jun2025 22:44:51.845] [Render thread/INFO] [net.minecraft.client.renderer.texture.TextureAtlas/]: Created: 512x512x4 minecraft:textures/atlas/shield_patterns.png-atlas
[04Jun2025 22:44:51.846] [Render thread/INFO] [net.minecraft.client.renderer.texture.TextureAtlas/]: Created: 512x512x4 minecraft:textures/atlas/banner_patterns.png-atlas
[04Jun2025 22:44:51.846] [Render thread/INFO] [net.minecraft.client.renderer.texture.TextureAtlas/]: Created: 1024x1024x4 minecraft:textures/atlas/armor_trims.png-atlas
[04Jun2025 22:44:51.849] [Render thread/INFO] [net.minecraft.client.renderer.texture.TextureAtlas/]: Created: 256x256x4 minecraft:textures/atlas/chest.png-atlas
[04Jun2025 22:44:51.849] [Render thread/INFO] [net.minecraft.client.renderer.texture.TextureAtlas/]: Created: 128x64x4 minecraft:textures/atlas/decorated_pot.png-atlas
[04Jun2025 22:44:51.849] [Render thread/INFO] [net.minecraft.client.renderer.texture.TextureAtlas/]: Created: 512x256x4 minecraft:textures/atlas/shulker_boxes.png-atlas
[04Jun2025 22:44:51.850] [Render thread/INFO] [net.minecraft.client.renderer.texture.TextureAtlas/]: Created: 512x256x4 minecraft:textures/atlas/beds.png-atlas
[04Jun2025 22:44:51.902] [Render thread/INFO] [net.minecraft.client.renderer.texture.TextureAtlas/]: Created: 512x256x0 minecraft:textures/atlas/particles.png-atlas
[04Jun2025 22:44:51.903] [Render thread/INFO] [net.minecraft.client.renderer.texture.TextureAtlas/]: Created: 512x256x0 minecraft:textures/atlas/paintings.png-atlas
[04Jun2025 22:44:51.903] [Render thread/INFO] [net.minecraft.client.renderer.texture.TextureAtlas/]: Created: 256x128x0 minecraft:textures/atlas/mob_effects.png-atlas
[04Jun2025 22:44:51.903] [Render thread/INFO] [net.minecraft.client.renderer.texture.TextureAtlas/]: Created: 64x64x0 minecraft:textures/atlas/map_decorations.png-atlas
[04Jun2025 22:44:51.903] [Render thread/INFO] [net.minecraft.client.renderer.texture.TextureAtlas/]: Created: 1024x512x0 minecraft:textures/atlas/gui.png-atlas
[04Jun2025 22:44:51.928] [Render thread/WARN] [net.minecraft.client.renderer.ShaderInstance/]: Shader rendertype_entity_translucent_emissive could not find sampler named Sampler2 in the specified shader program.
[04Jun2025 22:44:51.973] [Render thread/INFO] [net.neoforged.neoforge.client.entity.animation.json.AnimationLoader/]: Loaded 0 entity animations
[04Jun2025 22:44:58.272] [Render thread/INFO] [net.minecraft.world.item.crafting.RecipeManager/]: Loaded 1290 recipes
[04Jun2025 22:44:58.331] [Render thread/INFO] [net.minecraft.advancements.AdvancementTree/]: Loaded 1399 advancements
[04Jun2025 22:45:00.001] [Server thread/INFO] [net.minecraft.client.server.IntegratedServer/]: Starting integrated minecraft server version 1.21.1
[04Jun2025 22:45:00.001] [Server thread/INFO] [net.minecraft.server.MinecraftServer/]: Generating keypair
[04Jun2025 22:45:02.265] [Server thread/INFO] [net.minecraft.server.MinecraftServer/]: Preparing start region for dimension minecraft:overworld
[04Jun2025 22:45:02.291] [progressListener/INFO] [net.minecraft.server.level.progress.LoggerChunkProgressListener/]: Preparing spawn area: 2%
[04Jun2025 22:45:02.823] [progressListener/INFO] [net.minecraft.server.level.progress.LoggerChunkProgressListener/]: Preparing spawn area: 2%
[04Jun2025 22:45:03.291] [progressListener/INFO] [net.minecraft.server.level.progress.LoggerChunkProgressListener/]: Preparing spawn area: 18%
[04Jun2025 22:45:03.820] [Server thread/INFO] [net.neoforged.neoforge.server.permission.PermissionAPI/]: Successfully initialized permission handler neoforge:default_handler
[04Jun2025 22:45:03.820] [Server thread/INFO] [net.celsiusqc.create_wt.CreateWeaponryTinkering/]: HELLO from server starting
[04Jun2025 22:45:03.824] [progressListener/INFO] [net.minecraft.server.level.progress.LoggerChunkProgressListener/]: Time elapsed: 1534 ms
[04Jun2025 22:45:03.833] [Server thread/INFO] [net.minecraft.client.server.IntegratedServer/]: Changing view distance to 12, from 10
[04Jun2025 22:45:03.834] [Server thread/INFO] [net.minecraft.client.server.IntegratedServer/]: Changing simulation distance to 12, from 0
[04Jun2025 22:45:04.148] [Server thread/INFO] [net.minecraft.server.players.PlayerList/]: Dev[local:E:1e9ce071] logged in with entity id 23 at (9.5, 76.0, 10.5)
[04Jun2025 22:45:04.173] [Server thread/INFO] [net.minecraft.server.MinecraftServer/]: Dev joined the game
[04Jun2025 22:45:04.238] [Render thread/INFO] [net.minecraft.advancements.AdvancementTree/]: Loaded 2 advancements
[04Jun2025 22:45:04.521] [Server thread/INFO] [net.minecraft.client.server.IntegratedServer/]: Saving and pausing game...
[04Jun2025 22:45:04.531] [Server thread/INFO] [net.minecraft.server.MinecraftServer/]: Saving chunks for level 'ServerLevel[New World]'/minecraft:overworld
[04Jun2025 22:45:04.537] [Server thread/INFO] [net.minecraft.server.MinecraftServer/]: Saving chunks for level 'ServerLevel[New World]'/minecraft:the_end
[04Jun2025 22:45:04.540] [Server thread/INFO] [net.minecraft.server.MinecraftServer/]: Saving chunks for level 'ServerLevel[New World]'/minecraft:the_nether
[04Jun2025 22:55:23.060] [Render thread/INFO] [net.minecraft.client.Minecraft/]: Stopping!
[04Jun2025 22:55:23.156] [Server thread/INFO] [net.minecraft.server.network.ServerGamePacketListenerImpl/]: Dev lost connection: Disconnected
[04Jun2025 22:55:23.156] [Server thread/INFO] [net.minecraft.server.MinecraftServer/]: Dev left the game
[04Jun2025 22:55:23.160] [Server thread/INFO] [net.minecraft.server.network.ServerCommonPacketListenerImpl/]: Stopping singleplayer server as player logged out
[04Jun2025 22:55:23.174] [Server thread/INFO] [net.minecraft.server.MinecraftServer/]: Stopping server
[04Jun2025 22:55:23.174] [Server thread/INFO] [net.minecraft.server.MinecraftServer/]: Saving players
[04Jun2025 22:55:23.175] [Server thread/INFO] [net.minecraft.server.MinecraftServer/]: Saving worlds
[04Jun2025 22:55:24.291] [Server thread/INFO] [net.minecraft.server.MinecraftServer/]: Saving chunks for level 'ServerLevel[New World]'/minecraft:overworld
[04Jun2025 22:55:24.400] [Server thread/INFO] [net.minecraft.server.MinecraftServer/]: Saving chunks for level 'ServerLevel[New World]'/minecraft:the_end
[04Jun2025 22:55:24.404] [Server thread/INFO] [net.minecraft.server.MinecraftServer/]: Saving chunks for level 'ServerLevel[New World]'/minecraft:the_nether
[04Jun2025 22:55:24.409] [Server thread/INFO] [net.minecraft.server.MinecraftServer/]: ThreadedAnvilChunkStorage (New World): All chunks are saved
[04Jun2025 22:55:24.410] [Server thread/INFO] [net.minecraft.server.MinecraftServer/]: ThreadedAnvilChunkStorage (DIM1): All chunks are saved
[04Jun2025 22:55:24.410] [Server thread/INFO] [net.minecraft.server.MinecraftServer/]: ThreadedAnvilChunkStorage (DIM-1): All chunks are saved
[04Jun2025 22:55:24.410] [Server thread/INFO] [net.minecraft.server.MinecraftServer/]: ThreadedAnvilChunkStorage: All dimensions are saved
